--------------------------------------------------------------------------------
Release 14.7 Trace  (nt64)
Copyright (c) 1995-2013 Xilinx, Inc.  All rights reserved.

C:\Xilinx\14.7\ISE_DS\ISE\bin\nt64\unwrapped\trce.exe -intstyle ise -v 3 -s 1
-n 3 -fastpaths -xml AdderSubtractor32bit.twx AdderSubtractor32bit.ncd -o
AdderSubtractor32bit.twr AdderSubtractor32bit.pcf

Design file:              AdderSubtractor32bit.ncd
Physical constraint file: AdderSubtractor32bit.pcf
Device,package,speed:     xc7z010,clg400,C,-1 (PRODUCTION 1.08 2013-10-13)
Report level:             verbose report

Environment Variable      Effect 
--------------------      ------ 
NONE                      No environment variables were set
--------------------------------------------------------------------------------

INFO:Timing:2698 - No timing constraints found, doing default enumeration.
INFO:Timing:3412 - To improve timing, see the Timing Closure User Guide (UG612).
INFO:Timing:2752 - To get complete path coverage, use the unconstrained paths 
   option. All paths that are not constrained will be reported in the 
   unconstrained paths section(s) of the report.
INFO:Timing:3339 - The clock-to-out numbers in this timing report are based on 
   a 50 Ohm transmission line loading model.  For the details of this model, 
   and for more information on accounting for different loading conditions, 
   please see the device datasheet.



Data Sheet report:
-----------------
All values displayed in nanoseconds (ns)

Pad to Pad
---------------+---------------+---------+
Source Pad     |Destination Pad|  Delay  |
---------------+---------------+---------+
A<0>           |S<0>           |   10.154|
A<0>           |S<1>           |   10.544|
A<0>           |S<2>           |   10.602|
A<0>           |S<3>           |   10.675|
A<0>           |S<4>           |   10.923|
A<0>           |S<5>           |   11.158|
A<0>           |S<6>           |   10.989|
A<0>           |S<7>           |   11.272|
A<0>           |S<8>           |   11.117|
A<0>           |S<9>           |   11.198|
A<0>           |S<10>          |   11.282|
A<0>           |S<11>          |   11.402|
A<0>           |S<12>          |   11.061|
A<0>           |S<13>          |   11.231|
A<0>           |S<14>          |   11.305|
A<0>           |S<15>          |   11.086|
A<0>           |S<16>          |   11.138|
A<0>           |S<17>          |   11.559|
A<0>           |S<18>          |   11.385|
A<0>           |S<19>          |   11.464|
A<0>           |S<20>          |   11.449|
A<0>           |S<21>          |   11.389|
A<0>           |S<22>          |   11.482|
A<0>           |S<23>          |   11.667|
A<0>           |S<24>          |   11.561|
A<0>           |S<25>          |   11.716|
A<0>           |S<26>          |   11.949|
A<0>           |S<27>          |   11.875|
A<0>           |S<28>          |   11.797|
A<0>           |S<29>          |   12.103|
A<0>           |S<30>          |   11.950|
A<0>           |S<31>          |   12.208|
A<1>           |S<1>           |   10.507|
A<1>           |S<2>           |   10.796|
A<1>           |S<3>           |   10.870|
A<1>           |S<4>           |   11.103|
A<1>           |S<5>           |   11.338|
A<1>           |S<6>           |   11.169|
A<1>           |S<7>           |   11.452|
A<1>           |S<8>           |   11.297|
A<1>           |S<9>           |   11.378|
A<1>           |S<10>          |   11.462|
A<1>           |S<11>          |   11.582|
A<1>           |S<12>          |   11.241|
A<1>           |S<13>          |   11.411|
A<1>           |S<14>          |   11.485|
A<1>           |S<15>          |   11.266|
A<1>           |S<16>          |   11.318|
A<1>           |S<17>          |   11.739|
A<1>           |S<18>          |   11.565|
A<1>           |S<19>          |   11.644|
A<1>           |S<20>          |   11.629|
A<1>           |S<21>          |   11.569|
A<1>           |S<22>          |   11.662|
A<1>           |S<23>          |   11.847|
A<1>           |S<24>          |   11.741|
A<1>           |S<25>          |   11.896|
A<1>           |S<26>          |   12.129|
A<1>           |S<27>          |   12.055|
A<1>           |S<28>          |   11.977|
A<1>           |S<29>          |   12.283|
A<1>           |S<30>          |   12.130|
A<1>           |S<31>          |   12.388|
A<2>           |S<2>           |   10.727|
A<2>           |S<3>           |   10.838|
A<2>           |S<4>           |   11.209|
A<2>           |S<5>           |   11.444|
A<2>           |S<6>           |   11.275|
A<2>           |S<7>           |   11.558|
A<2>           |S<8>           |   11.403|
A<2>           |S<9>           |   11.484|
A<2>           |S<10>          |   11.568|
A<2>           |S<11>          |   11.688|
A<2>           |S<12>          |   11.347|
A<2>           |S<13>          |   11.517|
A<2>           |S<14>          |   11.591|
A<2>           |S<15>          |   11.372|
A<2>           |S<16>          |   11.424|
A<2>           |S<17>          |   11.845|
A<2>           |S<18>          |   11.671|
A<2>           |S<19>          |   11.750|
A<2>           |S<20>          |   11.735|
A<2>           |S<21>          |   11.675|
A<2>           |S<22>          |   11.768|
A<2>           |S<23>          |   11.953|
A<2>           |S<24>          |   11.847|
A<2>           |S<25>          |   12.002|
A<2>           |S<26>          |   12.235|
A<2>           |S<27>          |   12.161|
A<2>           |S<28>          |   12.083|
A<2>           |S<29>          |   12.389|
A<2>           |S<30>          |   12.236|
A<2>           |S<31>          |   12.494|
A<3>           |S<3>           |   10.210|
A<3>           |S<4>           |   10.674|
A<3>           |S<5>           |   10.909|
A<3>           |S<6>           |   10.740|
A<3>           |S<7>           |   11.023|
A<3>           |S<8>           |   10.868|
A<3>           |S<9>           |   10.949|
A<3>           |S<10>          |   11.033|
A<3>           |S<11>          |   11.153|
A<3>           |S<12>          |   10.812|
A<3>           |S<13>          |   10.982|
A<3>           |S<14>          |   11.056|
A<3>           |S<15>          |   10.837|
A<3>           |S<16>          |   10.889|
A<3>           |S<17>          |   11.310|
A<3>           |S<18>          |   11.136|
A<3>           |S<19>          |   11.215|
A<3>           |S<20>          |   11.200|
A<3>           |S<21>          |   11.140|
A<3>           |S<22>          |   11.233|
A<3>           |S<23>          |   11.418|
A<3>           |S<24>          |   11.312|
A<3>           |S<25>          |   11.467|
A<3>           |S<26>          |   11.700|
A<3>           |S<27>          |   11.626|
A<3>           |S<28>          |   11.548|
A<3>           |S<29>          |   11.854|
A<3>           |S<30>          |   11.701|
A<3>           |S<31>          |   11.959|
A<4>           |S<4>           |   10.643|
A<4>           |S<5>           |   10.949|
A<4>           |S<6>           |   10.981|
A<4>           |S<7>           |   11.252|
A<4>           |S<8>           |   11.200|
A<4>           |S<9>           |   11.281|
A<4>           |S<10>          |   11.365|
A<4>           |S<11>          |   11.485|
A<4>           |S<12>          |   11.144|
A<4>           |S<13>          |   11.314|
A<4>           |S<14>          |   11.388|
A<4>           |S<15>          |   11.169|
A<4>           |S<16>          |   11.221|
A<4>           |S<17>          |   11.642|
A<4>           |S<18>          |   11.468|
A<4>           |S<19>          |   11.547|
A<4>           |S<20>          |   11.532|
A<4>           |S<21>          |   11.472|
A<4>           |S<22>          |   11.565|
A<4>           |S<23>          |   11.750|
A<4>           |S<24>          |   11.644|
A<4>           |S<25>          |   11.799|
A<4>           |S<26>          |   12.032|
A<4>           |S<27>          |   11.958|
A<4>           |S<28>          |   11.880|
A<4>           |S<29>          |   12.186|
A<4>           |S<30>          |   12.033|
A<4>           |S<31>          |   12.291|
A<5>           |S<5>           |   10.793|
A<5>           |S<6>           |   11.056|
A<5>           |S<7>           |   11.328|
A<5>           |S<8>           |   11.261|
A<5>           |S<9>           |   11.342|
A<5>           |S<10>          |   11.426|
A<5>           |S<11>          |   11.546|
A<5>           |S<12>          |   11.205|
A<5>           |S<13>          |   11.375|
A<5>           |S<14>          |   11.449|
A<5>           |S<15>          |   11.230|
A<5>           |S<16>          |   11.282|
A<5>           |S<17>          |   11.703|
A<5>           |S<18>          |   11.529|
A<5>           |S<19>          |   11.608|
A<5>           |S<20>          |   11.593|
A<5>           |S<21>          |   11.533|
A<5>           |S<22>          |   11.626|
A<5>           |S<23>          |   11.811|
A<5>           |S<24>          |   11.705|
A<5>           |S<25>          |   11.860|
A<5>           |S<26>          |   12.093|
A<5>           |S<27>          |   12.019|
A<5>           |S<28>          |   11.941|
A<5>           |S<29>          |   12.247|
A<5>           |S<30>          |   12.094|
A<5>           |S<31>          |   12.352|
A<6>           |S<6>           |   11.022|
A<6>           |S<7>           |   11.331|
A<6>           |S<8>           |   11.402|
A<6>           |S<9>           |   11.483|
A<6>           |S<10>          |   11.567|
A<6>           |S<11>          |   11.687|
A<6>           |S<12>          |   11.346|
A<6>           |S<13>          |   11.516|
A<6>           |S<14>          |   11.590|
A<6>           |S<15>          |   11.371|
A<6>           |S<16>          |   11.423|
A<6>           |S<17>          |   11.844|
A<6>           |S<18>          |   11.670|
A<6>           |S<19>          |   11.749|
A<6>           |S<20>          |   11.734|
A<6>           |S<21>          |   11.674|
A<6>           |S<22>          |   11.767|
A<6>           |S<23>          |   11.952|
A<6>           |S<24>          |   11.846|
A<6>           |S<25>          |   12.001|
A<6>           |S<26>          |   12.234|
A<6>           |S<27>          |   12.160|
A<6>           |S<28>          |   12.082|
A<6>           |S<29>          |   12.388|
A<6>           |S<30>          |   12.235|
A<6>           |S<31>          |   12.493|
A<7>           |S<7>           |   10.640|
A<7>           |S<8>           |   10.908|
A<7>           |S<9>           |   10.989|
A<7>           |S<10>          |   11.073|
A<7>           |S<11>          |   11.193|
A<7>           |S<12>          |   10.852|
A<7>           |S<13>          |   11.022|
A<7>           |S<14>          |   11.096|
A<7>           |S<15>          |   10.877|
A<7>           |S<16>          |   10.929|
A<7>           |S<17>          |   11.350|
A<7>           |S<18>          |   11.176|
A<7>           |S<19>          |   11.255|
A<7>           |S<20>          |   11.240|
A<7>           |S<21>          |   11.180|
A<7>           |S<22>          |   11.273|
A<7>           |S<23>          |   11.458|
A<7>           |S<24>          |   11.352|
A<7>           |S<25>          |   11.507|
A<7>           |S<26>          |   11.740|
A<7>           |S<27>          |   11.666|
A<7>           |S<28>          |   11.588|
A<7>           |S<29>          |   11.894|
A<7>           |S<30>          |   11.741|
A<7>           |S<31>          |   11.999|
A<8>           |S<8>           |   10.806|
A<8>           |S<9>           |   10.958|
A<8>           |S<10>          |   11.243|
A<8>           |S<11>          |   11.351|
A<8>           |S<12>          |   11.113|
A<8>           |S<13>          |   11.283|
A<8>           |S<14>          |   11.357|
A<8>           |S<15>          |   11.138|
A<8>           |S<16>          |   11.190|
A<8>           |S<17>          |   11.611|
A<8>           |S<18>          |   11.437|
A<8>           |S<19>          |   11.516|
A<8>           |S<20>          |   11.501|
A<8>           |S<21>          |   11.441|
A<8>           |S<22>          |   11.534|
A<8>           |S<23>          |   11.719|
A<8>           |S<24>          |   11.613|
A<8>           |S<25>          |   11.768|
A<8>           |S<26>          |   12.001|
A<8>           |S<27>          |   11.927|
A<8>           |S<28>          |   11.849|
A<8>           |S<29>          |   12.155|
A<8>           |S<30>          |   12.002|
A<8>           |S<31>          |   12.260|
A<9>           |S<9>           |   10.677|
A<9>           |S<10>          |   11.193|
A<9>           |S<11>          |   11.302|
A<9>           |S<12>          |   11.049|
A<9>           |S<13>          |   11.219|
A<9>           |S<14>          |   11.293|
A<9>           |S<15>          |   11.074|
A<9>           |S<16>          |   11.126|
A<9>           |S<17>          |   11.547|
A<9>           |S<18>          |   11.373|
A<9>           |S<19>          |   11.452|
A<9>           |S<20>          |   11.437|
A<9>           |S<21>          |   11.377|
A<9>           |S<22>          |   11.470|
A<9>           |S<23>          |   11.655|
A<9>           |S<24>          |   11.549|
A<9>           |S<25>          |   11.704|
A<9>           |S<26>          |   11.937|
A<9>           |S<27>          |   11.863|
A<9>           |S<28>          |   11.785|
A<9>           |S<29>          |   12.091|
A<9>           |S<30>          |   11.938|
A<9>           |S<31>          |   12.196|
A<10>          |S<10>          |   10.421|
A<10>          |S<11>          |   10.747|
A<10>          |S<12>          |   10.561|
A<10>          |S<13>          |   10.731|
A<10>          |S<14>          |   10.805|
A<10>          |S<15>          |   10.586|
A<10>          |S<16>          |   10.638|
A<10>          |S<17>          |   11.059|
A<10>          |S<18>          |   10.885|
A<10>          |S<19>          |   10.964|
A<10>          |S<20>          |   10.949|
A<10>          |S<21>          |   10.889|
A<10>          |S<22>          |   10.982|
A<10>          |S<23>          |   11.167|
A<10>          |S<24>          |   11.061|
A<10>          |S<25>          |   11.216|
A<10>          |S<26>          |   11.449|
A<10>          |S<27>          |   11.375|
A<10>          |S<28>          |   11.297|
A<10>          |S<29>          |   11.603|
A<10>          |S<30>          |   11.450|
A<10>          |S<31>          |   11.708|
A<11>          |S<11>          |   10.858|
A<11>          |S<12>          |   10.836|
A<11>          |S<13>          |   11.006|
A<11>          |S<14>          |   11.080|
A<11>          |S<15>          |   10.861|
A<11>          |S<16>          |   10.913|
A<11>          |S<17>          |   11.334|
A<11>          |S<18>          |   11.160|
A<11>          |S<19>          |   11.239|
A<11>          |S<20>          |   11.224|
A<11>          |S<21>          |   11.164|
A<11>          |S<22>          |   11.257|
A<11>          |S<23>          |   11.442|
A<11>          |S<24>          |   11.336|
A<11>          |S<25>          |   11.491|
A<11>          |S<26>          |   11.724|
A<11>          |S<27>          |   11.650|
A<11>          |S<28>          |   11.572|
A<11>          |S<29>          |   11.878|
A<11>          |S<30>          |   11.725|
A<11>          |S<31>          |   11.983|
A<12>          |S<12>          |   10.154|
A<12>          |S<13>          |   10.395|
A<12>          |S<14>          |   10.670|
A<12>          |S<15>          |   10.439|
A<12>          |S<16>          |   10.594|
A<12>          |S<17>          |   11.015|
A<12>          |S<18>          |   10.841|
A<12>          |S<19>          |   10.920|
A<12>          |S<20>          |   10.905|
A<12>          |S<21>          |   10.845|
A<12>          |S<22>          |   10.938|
A<12>          |S<23>          |   11.123|
A<12>          |S<24>          |   11.017|
A<12>          |S<25>          |   11.172|
A<12>          |S<26>          |   11.405|
A<12>          |S<27>          |   11.331|
A<12>          |S<28>          |   11.253|
A<12>          |S<29>          |   11.559|
A<12>          |S<30>          |   11.406|
A<12>          |S<31>          |   11.664|
A<13>          |S<13>          |   10.311|
A<13>          |S<14>          |   10.817|
A<13>          |S<15>          |   10.587|
A<13>          |S<16>          |   10.727|
A<13>          |S<17>          |   11.148|
A<13>          |S<18>          |   10.974|
A<13>          |S<19>          |   11.053|
A<13>          |S<20>          |   11.038|
A<13>          |S<21>          |   10.978|
A<13>          |S<22>          |   11.071|
A<13>          |S<23>          |   11.256|
A<13>          |S<24>          |   11.150|
A<13>          |S<25>          |   11.305|
A<13>          |S<26>          |   11.538|
A<13>          |S<27>          |   11.464|
A<13>          |S<28>          |   11.386|
A<13>          |S<29>          |   11.692|
A<13>          |S<30>          |   11.539|
A<13>          |S<31>          |   11.797|
A<14>          |S<14>          |   10.124|
A<14>          |S<15>          |    9.931|
A<14>          |S<16>          |   10.209|
A<14>          |S<17>          |   10.630|
A<14>          |S<18>          |   10.456|
A<14>          |S<19>          |   10.535|
A<14>          |S<20>          |   10.520|
A<14>          |S<21>          |   10.460|
A<14>          |S<22>          |   10.553|
A<14>          |S<23>          |   10.738|
A<14>          |S<24>          |   10.632|
A<14>          |S<25>          |   10.787|
A<14>          |S<26>          |   11.020|
A<14>          |S<27>          |   10.946|
A<14>          |S<28>          |   10.868|
A<14>          |S<29>          |   11.174|
A<14>          |S<30>          |   11.021|
A<14>          |S<31>          |   11.279|
A<15>          |S<15>          |    9.944|
A<15>          |S<16>          |   10.315|
A<15>          |S<17>          |   10.736|
A<15>          |S<18>          |   10.562|
A<15>          |S<19>          |   10.641|
A<15>          |S<20>          |   10.626|
A<15>          |S<21>          |   10.566|
A<15>          |S<22>          |   10.659|
A<15>          |S<23>          |   10.844|
A<15>          |S<24>          |   10.738|
A<15>          |S<25>          |   10.893|
A<15>          |S<26>          |   11.126|
A<15>          |S<27>          |   11.052|
A<15>          |S<28>          |   10.974|
A<15>          |S<29>          |   11.280|
A<15>          |S<30>          |   11.127|
A<15>          |S<31>          |   11.385|
A<16>          |S<16>          |    9.279|
A<16>          |S<17>          |    9.771|
A<16>          |S<18>          |    9.798|
A<16>          |S<19>          |    9.865|
A<16>          |S<20>          |    9.953|
A<16>          |S<21>          |    9.893|
A<16>          |S<22>          |    9.986|
A<16>          |S<23>          |   10.171|
A<16>          |S<24>          |   10.065|
A<16>          |S<25>          |   10.220|
A<16>          |S<26>          |   10.453|
A<16>          |S<27>          |   10.379|
A<16>          |S<28>          |   10.301|
A<16>          |S<29>          |   10.607|
A<16>          |S<30>          |   10.454|
A<16>          |S<31>          |   10.712|
A<17>          |S<17>          |    9.531|
A<17>          |S<18>          |    9.789|
A<17>          |S<19>          |    9.857|
A<17>          |S<20>          |    9.930|
A<17>          |S<21>          |    9.870|
A<17>          |S<22>          |    9.963|
A<17>          |S<23>          |   10.148|
A<17>          |S<24>          |   10.042|
A<17>          |S<25>          |   10.197|
A<17>          |S<26>          |   10.430|
A<17>          |S<27>          |   10.356|
A<17>          |S<28>          |   10.278|
A<17>          |S<29>          |   10.584|
A<17>          |S<30>          |   10.431|
A<17>          |S<31>          |   10.689|
A<18>          |S<18>          |    9.964|
A<18>          |S<19>          |   10.069|
A<18>          |S<20>          |   10.280|
A<18>          |S<21>          |   10.220|
A<18>          |S<22>          |   10.313|
A<18>          |S<23>          |   10.498|
A<18>          |S<24>          |   10.392|
A<18>          |S<25>          |   10.547|
A<18>          |S<26>          |   10.780|
A<18>          |S<27>          |   10.706|
A<18>          |S<28>          |   10.628|
A<18>          |S<29>          |   10.934|
A<18>          |S<30>          |   10.781|
A<18>          |S<31>          |   11.039|
A<19>          |S<19>          |    9.583|
A<19>          |S<20>          |    9.887|
A<19>          |S<21>          |    9.827|
A<19>          |S<22>          |    9.920|
A<19>          |S<23>          |   10.105|
A<19>          |S<24>          |    9.999|
A<19>          |S<25>          |   10.154|
A<19>          |S<26>          |   10.387|
A<19>          |S<27>          |   10.313|
A<19>          |S<28>          |   10.235|
A<19>          |S<29>          |   10.541|
A<19>          |S<30>          |   10.388|
A<19>          |S<31>          |   10.646|
A<20>          |S<20>          |    9.948|
A<20>          |S<21>          |    9.959|
A<20>          |S<22>          |   10.253|
A<20>          |S<23>          |   10.426|
A<20>          |S<24>          |   10.423|
A<20>          |S<25>          |   10.578|
A<20>          |S<26>          |   10.811|
A<20>          |S<27>          |   10.737|
A<20>          |S<28>          |   10.659|
A<20>          |S<29>          |   10.965|
A<20>          |S<30>          |   10.812|
A<20>          |S<31>          |   11.070|
A<21>          |S<21>          |    9.832|
A<21>          |S<22>          |   10.357|
A<21>          |S<23>          |   10.531|
A<21>          |S<24>          |   10.513|
A<21>          |S<25>          |   10.668|
A<21>          |S<26>          |   10.901|
A<21>          |S<27>          |   10.827|
A<21>          |S<28>          |   10.749|
A<21>          |S<29>          |   11.055|
A<21>          |S<30>          |   10.902|
A<21>          |S<31>          |   11.160|
A<22>          |S<22>          |    9.953|
A<22>          |S<23>          |   10.164|
A<22>          |S<24>          |   10.284|
A<22>          |S<25>          |   10.439|
A<22>          |S<26>          |   10.672|
A<22>          |S<27>          |   10.598|
A<22>          |S<28>          |   10.520|
A<22>          |S<29>          |   10.826|
A<22>          |S<30>          |   10.673|
A<22>          |S<31>          |   10.931|
A<23>          |S<23>          |   10.125|
A<23>          |S<24>          |   10.338|
A<23>          |S<25>          |   10.493|
A<23>          |S<26>          |   10.726|
A<23>          |S<27>          |   10.652|
A<23>          |S<28>          |   10.574|
A<23>          |S<29>          |   10.880|
A<23>          |S<30>          |   10.727|
A<23>          |S<31>          |   10.985|
A<24>          |S<24>          |    9.761|
A<24>          |S<25>          |    9.987|
A<24>          |S<26>          |   10.421|
A<24>          |S<27>          |   10.335|
A<24>          |S<28>          |   10.360|
A<24>          |S<29>          |   10.666|
A<24>          |S<30>          |   10.513|
A<24>          |S<31>          |   10.771|
A<25>          |S<25>          |    9.610|
A<25>          |S<26>          |   10.275|
A<25>          |S<27>          |   10.190|
A<25>          |S<28>          |   10.200|
A<25>          |S<29>          |   10.506|
A<25>          |S<30>          |   10.353|
A<25>          |S<31>          |   10.611|
A<26>          |S<26>          |    9.933|
A<26>          |S<27>          |    9.953|
A<26>          |S<28>          |   10.033|
A<26>          |S<29>          |   10.339|
A<26>          |S<30>          |   10.186|
A<26>          |S<31>          |   10.444|
A<27>          |S<27>          |   10.186|
A<27>          |S<28>          |   10.427|
A<27>          |S<29>          |   10.733|
A<27>          |S<30>          |   10.580|
A<27>          |S<31>          |   10.838|
A<28>          |S<28>          |   10.072|
A<28>          |S<29>          |   10.449|
A<28>          |S<30>          |   10.497|
A<28>          |S<31>          |   10.743|
A<29>          |S<29>          |    9.995|
A<29>          |S<30>          |   10.274|
A<29>          |S<31>          |   10.521|
A<30>          |S<30>          |    9.758|
A<30>          |S<31>          |   10.110|
A<31>          |S<31>          |   10.046|
B<0>           |S<0>           |    9.279|
B<0>           |S<1>           |    9.669|
B<0>           |S<2>           |    9.727|
B<0>           |S<3>           |    9.800|
B<0>           |S<4>           |   10.048|
B<0>           |S<5>           |   10.283|
B<0>           |S<6>           |   10.114|
B<0>           |S<7>           |   10.397|
B<0>           |S<8>           |   10.242|
B<0>           |S<9>           |   10.323|
B<0>           |S<10>          |   10.407|
B<0>           |S<11>          |   10.527|
B<0>           |S<12>          |   10.186|
B<0>           |S<13>          |   10.356|
B<0>           |S<14>          |   10.430|
B<0>           |S<15>          |   10.211|
B<0>           |S<16>          |   10.263|
B<0>           |S<17>          |   10.684|
B<0>           |S<18>          |   10.510|
B<0>           |S<19>          |   10.589|
B<0>           |S<20>          |   10.574|
B<0>           |S<21>          |   10.514|
B<0>           |S<22>          |   10.607|
B<0>           |S<23>          |   10.792|
B<0>           |S<24>          |   10.686|
B<0>           |S<25>          |   10.841|
B<0>           |S<26>          |   11.074|
B<0>           |S<27>          |   11.000|
B<0>           |S<28>          |   10.922|
B<0>           |S<29>          |   11.228|
B<0>           |S<30>          |   11.075|
B<0>           |S<31>          |   11.333|
B<1>           |S<1>           |    9.894|
B<1>           |S<2>           |   10.183|
B<1>           |S<3>           |   10.257|
B<1>           |S<4>           |   10.490|
B<1>           |S<5>           |   10.725|
B<1>           |S<6>           |   10.556|
B<1>           |S<7>           |   10.839|
B<1>           |S<8>           |   10.684|
B<1>           |S<9>           |   10.765|
B<1>           |S<10>          |   10.849|
B<1>           |S<11>          |   10.969|
B<1>           |S<12>          |   10.628|
B<1>           |S<13>          |   10.798|
B<1>           |S<14>          |   10.872|
B<1>           |S<15>          |   10.653|
B<1>           |S<16>          |   10.705|
B<1>           |S<17>          |   11.126|
B<1>           |S<18>          |   10.952|
B<1>           |S<19>          |   11.031|
B<1>           |S<20>          |   11.016|
B<1>           |S<21>          |   10.956|
B<1>           |S<22>          |   11.049|
B<1>           |S<23>          |   11.234|
B<1>           |S<24>          |   11.128|
B<1>           |S<25>          |   11.283|
B<1>           |S<26>          |   11.516|
B<1>           |S<27>          |   11.442|
B<1>           |S<28>          |   11.364|
B<1>           |S<29>          |   11.670|
B<1>           |S<30>          |   11.517|
B<1>           |S<31>          |   11.775|
B<2>           |S<2>           |    9.150|
B<2>           |S<3>           |    9.261|
B<2>           |S<4>           |    9.632|
B<2>           |S<5>           |    9.867|
B<2>           |S<6>           |    9.698|
B<2>           |S<7>           |    9.981|
B<2>           |S<8>           |    9.826|
B<2>           |S<9>           |    9.907|
B<2>           |S<10>          |    9.991|
B<2>           |S<11>          |   10.111|
B<2>           |S<12>          |    9.770|
B<2>           |S<13>          |    9.940|
B<2>           |S<14>          |   10.014|
B<2>           |S<15>          |    9.795|
B<2>           |S<16>          |    9.847|
B<2>           |S<17>          |   10.268|
B<2>           |S<18>          |   10.094|
B<2>           |S<19>          |   10.173|
B<2>           |S<20>          |   10.158|
B<2>           |S<21>          |   10.098|
B<2>           |S<22>          |   10.191|
B<2>           |S<23>          |   10.376|
B<2>           |S<24>          |   10.270|
B<2>           |S<25>          |   10.425|
B<2>           |S<26>          |   10.658|
B<2>           |S<27>          |   10.584|
B<2>           |S<28>          |   10.506|
B<2>           |S<29>          |   10.812|
B<2>           |S<30>          |   10.659|
B<2>           |S<31>          |   10.917|
B<3>           |S<3>           |    9.556|
B<3>           |S<4>           |   10.020|
B<3>           |S<5>           |   10.255|
B<3>           |S<6>           |   10.086|
B<3>           |S<7>           |   10.369|
B<3>           |S<8>           |   10.214|
B<3>           |S<9>           |   10.295|
B<3>           |S<10>          |   10.379|
B<3>           |S<11>          |   10.499|
B<3>           |S<12>          |   10.158|
B<3>           |S<13>          |   10.328|
B<3>           |S<14>          |   10.402|
B<3>           |S<15>          |   10.183|
B<3>           |S<16>          |   10.235|
B<3>           |S<17>          |   10.656|
B<3>           |S<18>          |   10.482|
B<3>           |S<19>          |   10.561|
B<3>           |S<20>          |   10.546|
B<3>           |S<21>          |   10.486|
B<3>           |S<22>          |   10.579|
B<3>           |S<23>          |   10.764|
B<3>           |S<24>          |   10.658|
B<3>           |S<25>          |   10.813|
B<3>           |S<26>          |   11.046|
B<3>           |S<27>          |   10.972|
B<3>           |S<28>          |   10.894|
B<3>           |S<29>          |   11.200|
B<3>           |S<30>          |   11.047|
B<3>           |S<31>          |   11.305|
B<4>           |S<4>           |    9.828|
B<4>           |S<5>           |   10.134|
B<4>           |S<6>           |   10.166|
B<4>           |S<7>           |   10.437|
B<4>           |S<8>           |   10.385|
B<4>           |S<9>           |   10.466|
B<4>           |S<10>          |   10.550|
B<4>           |S<11>          |   10.670|
B<4>           |S<12>          |   10.329|
B<4>           |S<13>          |   10.499|
B<4>           |S<14>          |   10.573|
B<4>           |S<15>          |   10.354|
B<4>           |S<16>          |   10.406|
B<4>           |S<17>          |   10.827|
B<4>           |S<18>          |   10.653|
B<4>           |S<19>          |   10.732|
B<4>           |S<20>          |   10.717|
B<4>           |S<21>          |   10.657|
B<4>           |S<22>          |   10.750|
B<4>           |S<23>          |   10.935|
B<4>           |S<24>          |   10.829|
B<4>           |S<25>          |   10.984|
B<4>           |S<26>          |   11.217|
B<4>           |S<27>          |   11.143|
B<4>           |S<28>          |   11.065|
B<4>           |S<29>          |   11.371|
B<4>           |S<30>          |   11.218|
B<4>           |S<31>          |   11.476|
B<5>           |S<5>           |   10.161|
B<5>           |S<6>           |   10.424|
B<5>           |S<7>           |   10.696|
B<5>           |S<8>           |   10.629|
B<5>           |S<9>           |   10.710|
B<5>           |S<10>          |   10.794|
B<5>           |S<11>          |   10.914|
B<5>           |S<12>          |   10.573|
B<5>           |S<13>          |   10.743|
B<5>           |S<14>          |   10.817|
B<5>           |S<15>          |   10.598|
B<5>           |S<16>          |   10.650|
B<5>           |S<17>          |   11.071|
B<5>           |S<18>          |   10.897|
B<5>           |S<19>          |   10.976|
B<5>           |S<20>          |   10.961|
B<5>           |S<21>          |   10.901|
B<5>           |S<22>          |   10.994|
B<5>           |S<23>          |   11.179|
B<5>           |S<24>          |   11.073|
B<5>           |S<25>          |   11.228|
B<5>           |S<26>          |   11.461|
B<5>           |S<27>          |   11.387|
B<5>           |S<28>          |   11.309|
B<5>           |S<29>          |   11.615|
B<5>           |S<30>          |   11.462|
B<5>           |S<31>          |   11.720|
B<6>           |S<6>           |    9.440|
B<6>           |S<7>           |    9.749|
B<6>           |S<8>           |    9.820|
B<6>           |S<9>           |    9.901|
B<6>           |S<10>          |    9.985|
B<6>           |S<11>          |   10.105|
B<6>           |S<12>          |    9.764|
B<6>           |S<13>          |    9.934|
B<6>           |S<14>          |   10.008|
B<6>           |S<15>          |    9.789|
B<6>           |S<16>          |    9.841|
B<6>           |S<17>          |   10.262|
B<6>           |S<18>          |   10.088|
B<6>           |S<19>          |   10.167|
B<6>           |S<20>          |   10.152|
B<6>           |S<21>          |   10.092|
B<6>           |S<22>          |   10.185|
B<6>           |S<23>          |   10.370|
B<6>           |S<24>          |   10.264|
B<6>           |S<25>          |   10.419|
B<6>           |S<26>          |   10.652|
B<6>           |S<27>          |   10.578|
B<6>           |S<28>          |   10.500|
B<6>           |S<29>          |   10.806|
B<6>           |S<30>          |   10.653|
B<6>           |S<31>          |   10.911|
B<7>           |S<7>           |    9.889|
B<7>           |S<8>           |   10.053|
B<7>           |S<9>           |   10.134|
B<7>           |S<10>          |   10.218|
B<7>           |S<11>          |   10.338|
B<7>           |S<12>          |    9.997|
B<7>           |S<13>          |   10.167|
B<7>           |S<14>          |   10.241|
B<7>           |S<15>          |   10.022|
B<7>           |S<16>          |   10.074|
B<7>           |S<17>          |   10.495|
B<7>           |S<18>          |   10.321|
B<7>           |S<19>          |   10.400|
B<7>           |S<20>          |   10.385|
B<7>           |S<21>          |   10.325|
B<7>           |S<22>          |   10.418|
B<7>           |S<23>          |   10.603|
B<7>           |S<24>          |   10.497|
B<7>           |S<25>          |   10.652|
B<7>           |S<26>          |   10.885|
B<7>           |S<27>          |   10.811|
B<7>           |S<28>          |   10.733|
B<7>           |S<29>          |   11.039|
B<7>           |S<30>          |   10.886|
B<7>           |S<31>          |   11.144|
B<8>           |S<8>           |    9.637|
B<8>           |S<9>           |    9.789|
B<8>           |S<10>          |   10.074|
B<8>           |S<11>          |   10.182|
B<8>           |S<12>          |    9.944|
B<8>           |S<13>          |   10.114|
B<8>           |S<14>          |   10.188|
B<8>           |S<15>          |    9.969|
B<8>           |S<16>          |   10.021|
B<8>           |S<17>          |   10.442|
B<8>           |S<18>          |   10.268|
B<8>           |S<19>          |   10.347|
B<8>           |S<20>          |   10.332|
B<8>           |S<21>          |   10.272|
B<8>           |S<22>          |   10.365|
B<8>           |S<23>          |   10.550|
B<8>           |S<24>          |   10.444|
B<8>           |S<25>          |   10.599|
B<8>           |S<26>          |   10.832|
B<8>           |S<27>          |   10.758|
B<8>           |S<28>          |   10.680|
B<8>           |S<29>          |   10.986|
B<8>           |S<30>          |   10.833|
B<8>           |S<31>          |   11.091|
B<9>           |S<9>           |    9.671|
B<9>           |S<10>          |   10.187|
B<9>           |S<11>          |   10.296|
B<9>           |S<12>          |   10.043|
B<9>           |S<13>          |   10.213|
B<9>           |S<14>          |   10.287|
B<9>           |S<15>          |   10.068|
B<9>           |S<16>          |   10.120|
B<9>           |S<17>          |   10.541|
B<9>           |S<18>          |   10.367|
B<9>           |S<19>          |   10.446|
B<9>           |S<20>          |   10.431|
B<9>           |S<21>          |   10.371|
B<9>           |S<22>          |   10.464|
B<9>           |S<23>          |   10.649|
B<9>           |S<24>          |   10.543|
B<9>           |S<25>          |   10.698|
B<9>           |S<26>          |   10.931|
B<9>           |S<27>          |   10.857|
B<9>           |S<28>          |   10.779|
B<9>           |S<29>          |   11.085|
B<9>           |S<30>          |   10.932|
B<9>           |S<31>          |   11.190|
B<10>          |S<10>          |    9.427|
B<10>          |S<11>          |    9.573|
B<10>          |S<12>          |    9.458|
B<10>          |S<13>          |    9.628|
B<10>          |S<14>          |    9.702|
B<10>          |S<15>          |    9.483|
B<10>          |S<16>          |    9.535|
B<10>          |S<17>          |    9.956|
B<10>          |S<18>          |    9.782|
B<10>          |S<19>          |    9.861|
B<10>          |S<20>          |    9.846|
B<10>          |S<21>          |    9.786|
B<10>          |S<22>          |    9.879|
B<10>          |S<23>          |   10.064|
B<10>          |S<24>          |    9.958|
B<10>          |S<25>          |   10.113|
B<10>          |S<26>          |   10.346|
B<10>          |S<27>          |   10.272|
B<10>          |S<28>          |   10.194|
B<10>          |S<29>          |   10.500|
B<10>          |S<30>          |   10.347|
B<10>          |S<31>          |   10.605|
B<11>          |S<11>          |    9.885|
B<11>          |S<12>          |    9.863|
B<11>          |S<13>          |   10.033|
B<11>          |S<14>          |   10.107|
B<11>          |S<15>          |    9.888|
B<11>          |S<16>          |    9.940|
B<11>          |S<17>          |   10.361|
B<11>          |S<18>          |   10.187|
B<11>          |S<19>          |   10.266|
B<11>          |S<20>          |   10.251|
B<11>          |S<21>          |   10.191|
B<11>          |S<22>          |   10.284|
B<11>          |S<23>          |   10.469|
B<11>          |S<24>          |   10.363|
B<11>          |S<25>          |   10.518|
B<11>          |S<26>          |   10.751|
B<11>          |S<27>          |   10.677|
B<11>          |S<28>          |   10.599|
B<11>          |S<29>          |   10.905|
B<11>          |S<30>          |   10.752|
B<11>          |S<31>          |   11.010|
B<12>          |S<12>          |    9.036|
B<12>          |S<13>          |    9.277|
B<12>          |S<14>          |    9.552|
B<12>          |S<15>          |    9.321|
B<12>          |S<16>          |    9.476|
B<12>          |S<17>          |    9.897|
B<12>          |S<18>          |    9.723|
B<12>          |S<19>          |    9.802|
B<12>          |S<20>          |    9.787|
B<12>          |S<21>          |    9.727|
B<12>          |S<22>          |    9.820|
B<12>          |S<23>          |   10.005|
B<12>          |S<24>          |    9.899|
B<12>          |S<25>          |   10.054|
B<12>          |S<26>          |   10.287|
B<12>          |S<27>          |   10.213|
B<12>          |S<28>          |   10.135|
B<12>          |S<29>          |   10.441|
B<12>          |S<30>          |   10.288|
B<12>          |S<31>          |   10.546|
B<13>          |S<13>          |    9.228|
B<13>          |S<14>          |    9.734|
B<13>          |S<15>          |    9.504|
B<13>          |S<16>          |    9.644|
B<13>          |S<17>          |   10.065|
B<13>          |S<18>          |    9.891|
B<13>          |S<19>          |    9.970|
B<13>          |S<20>          |    9.955|
B<13>          |S<21>          |    9.895|
B<13>          |S<22>          |    9.988|
B<13>          |S<23>          |   10.173|
B<13>          |S<24>          |   10.067|
B<13>          |S<25>          |   10.222|
B<13>          |S<26>          |   10.455|
B<13>          |S<27>          |   10.381|
B<13>          |S<28>          |   10.303|
B<13>          |S<29>          |   10.609|
B<13>          |S<30>          |   10.456|
B<13>          |S<31>          |   10.714|
B<14>          |S<14>          |    9.607|
B<14>          |S<15>          |    9.414|
B<14>          |S<16>          |    9.692|
B<14>          |S<17>          |   10.113|
B<14>          |S<18>          |    9.939|
B<14>          |S<19>          |   10.018|
B<14>          |S<20>          |   10.003|
B<14>          |S<21>          |    9.943|
B<14>          |S<22>          |   10.036|
B<14>          |S<23>          |   10.221|
B<14>          |S<24>          |   10.115|
B<14>          |S<25>          |   10.270|
B<14>          |S<26>          |   10.503|
B<14>          |S<27>          |   10.429|
B<14>          |S<28>          |   10.351|
B<14>          |S<29>          |   10.657|
B<14>          |S<30>          |   10.504|
B<14>          |S<31>          |   10.762|
B<15>          |S<15>          |    9.049|
B<15>          |S<16>          |    9.420|
B<15>          |S<17>          |    9.841|
B<15>          |S<18>          |    9.667|
B<15>          |S<19>          |    9.746|
B<15>          |S<20>          |    9.731|
B<15>          |S<21>          |    9.671|
B<15>          |S<22>          |    9.764|
B<15>          |S<23>          |    9.949|
B<15>          |S<24>          |    9.843|
B<15>          |S<25>          |    9.998|
B<15>          |S<26>          |   10.231|
B<15>          |S<27>          |   10.157|
B<15>          |S<28>          |   10.079|
B<15>          |S<29>          |   10.385|
B<15>          |S<30>          |   10.232|
B<15>          |S<31>          |   10.490|
B<16>          |S<16>          |    9.136|
B<16>          |S<17>          |    9.628|
B<16>          |S<18>          |    9.655|
B<16>          |S<19>          |    9.722|
B<16>          |S<20>          |    9.810|
B<16>          |S<21>          |    9.750|
B<16>          |S<22>          |    9.843|
B<16>          |S<23>          |   10.028|
B<16>          |S<24>          |    9.922|
B<16>          |S<25>          |   10.077|
B<16>          |S<26>          |   10.310|
B<16>          |S<27>          |   10.236|
B<16>          |S<28>          |   10.158|
B<16>          |S<29>          |   10.464|
B<16>          |S<30>          |   10.311|
B<16>          |S<31>          |   10.569|
B<17>          |S<17>          |    9.658|
B<17>          |S<18>          |    9.916|
B<17>          |S<19>          |    9.984|
B<17>          |S<20>          |   10.057|
B<17>          |S<21>          |    9.997|
B<17>          |S<22>          |   10.090|
B<17>          |S<23>          |   10.275|
B<17>          |S<24>          |   10.169|
B<17>          |S<25>          |   10.324|
B<17>          |S<26>          |   10.557|
B<17>          |S<27>          |   10.483|
B<17>          |S<28>          |   10.405|
B<17>          |S<29>          |   10.711|
B<17>          |S<30>          |   10.558|
B<17>          |S<31>          |   10.816|
B<18>          |S<18>          |    9.790|
B<18>          |S<19>          |    9.895|
B<18>          |S<20>          |   10.106|
B<18>          |S<21>          |   10.046|
B<18>          |S<22>          |   10.139|
B<18>          |S<23>          |   10.324|
B<18>          |S<24>          |   10.218|
B<18>          |S<25>          |   10.373|
B<18>          |S<26>          |   10.606|
B<18>          |S<27>          |   10.532|
B<18>          |S<28>          |   10.454|
B<18>          |S<29>          |   10.760|
B<18>          |S<30>          |   10.607|
B<18>          |S<31>          |   10.865|
B<19>          |S<19>          |    9.868|
B<19>          |S<20>          |   10.172|
B<19>          |S<21>          |   10.112|
B<19>          |S<22>          |   10.205|
B<19>          |S<23>          |   10.390|
B<19>          |S<24>          |   10.284|
B<19>          |S<25>          |   10.439|
B<19>          |S<26>          |   10.672|
B<19>          |S<27>          |   10.598|
B<19>          |S<28>          |   10.520|
B<19>          |S<29>          |   10.826|
B<19>          |S<30>          |   10.673|
B<19>          |S<31>          |   10.931|
B<20>          |S<20>          |    9.434|
B<20>          |S<21>          |    9.445|
B<20>          |S<22>          |    9.739|
B<20>          |S<23>          |    9.912|
B<20>          |S<24>          |    9.909|
B<20>          |S<25>          |   10.064|
B<20>          |S<26>          |   10.297|
B<20>          |S<27>          |   10.223|
B<20>          |S<28>          |   10.145|
B<20>          |S<29>          |   10.451|
B<20>          |S<30>          |   10.298|
B<20>          |S<31>          |   10.556|
B<21>          |S<21>          |    9.758|
B<21>          |S<22>          |   10.283|
B<21>          |S<23>          |   10.457|
B<21>          |S<24>          |   10.439|
B<21>          |S<25>          |   10.594|
B<21>          |S<26>          |   10.827|
B<21>          |S<27>          |   10.753|
B<21>          |S<28>          |   10.675|
B<21>          |S<29>          |   10.981|
B<21>          |S<30>          |   10.828|
B<21>          |S<31>          |   11.086|
B<22>          |S<22>          |    9.988|
B<22>          |S<23>          |   10.199|
B<22>          |S<24>          |   10.319|
B<22>          |S<25>          |   10.474|
B<22>          |S<26>          |   10.707|
B<22>          |S<27>          |   10.633|
B<22>          |S<28>          |   10.555|
B<22>          |S<29>          |   10.861|
B<22>          |S<30>          |   10.708|
B<22>          |S<31>          |   10.966|
B<23>          |S<23>          |   10.109|
B<23>          |S<24>          |   10.322|
B<23>          |S<25>          |   10.477|
B<23>          |S<26>          |   10.710|
B<23>          |S<27>          |   10.636|
B<23>          |S<28>          |   10.558|
B<23>          |S<29>          |   10.864|
B<23>          |S<30>          |   10.711|
B<23>          |S<31>          |   10.969|
B<24>          |S<24>          |    9.950|
B<24>          |S<25>          |   10.176|
B<24>          |S<26>          |   10.610|
B<24>          |S<27>          |   10.524|
B<24>          |S<28>          |   10.549|
B<24>          |S<29>          |   10.855|
B<24>          |S<30>          |   10.702|
B<24>          |S<31>          |   10.960|
B<25>          |S<25>          |   10.054|
B<25>          |S<26>          |   10.719|
B<25>          |S<27>          |   10.634|
B<25>          |S<28>          |   10.644|
B<25>          |S<29>          |   10.950|
B<25>          |S<30>          |   10.797|
B<25>          |S<31>          |   11.055|
B<26>          |S<26>          |   10.407|
B<26>          |S<27>          |   10.359|
B<26>          |S<28>          |   10.507|
B<26>          |S<29>          |   10.813|
B<26>          |S<30>          |   10.660|
B<26>          |S<31>          |   10.918|
B<27>          |S<27>          |   10.237|
B<27>          |S<28>          |   10.478|
B<27>          |S<29>          |   10.784|
B<27>          |S<30>          |   10.631|
B<27>          |S<31>          |   10.889|
B<28>          |S<28>          |   10.322|
B<28>          |S<29>          |   10.699|
B<28>          |S<30>          |   10.747|
B<28>          |S<31>          |   10.993|
B<29>          |S<29>          |    9.950|
B<29>          |S<30>          |   10.229|
B<29>          |S<31>          |   10.476|
B<30>          |S<30>          |   10.428|
B<30>          |S<31>          |   10.712|
B<31>          |S<31>          |   10.298|
sel            |S<0>           |   11.119|
sel            |S<1>           |   11.509|
sel            |S<2>           |   11.567|
sel            |S<3>           |   11.640|
sel            |S<4>           |   11.959|
sel            |S<5>           |   12.194|
sel            |S<6>           |   12.025|
sel            |S<7>           |   12.308|
sel            |S<8>           |   12.153|
sel            |S<9>           |   12.234|
sel            |S<10>          |   12.318|
sel            |S<11>          |   12.438|
sel            |S<12>          |   12.097|
sel            |S<13>          |   12.267|
sel            |S<14>          |   12.341|
sel            |S<15>          |   12.122|
sel            |S<16>          |   12.174|
sel            |S<17>          |   12.595|
sel            |S<18>          |   12.421|
sel            |S<19>          |   12.500|
sel            |S<20>          |   12.485|
sel            |S<21>          |   12.425|
sel            |S<22>          |   12.518|
sel            |S<23>          |   12.703|
sel            |S<24>          |   12.635|
sel            |S<25>          |   12.790|
sel            |S<26>          |   13.023|
sel            |S<27>          |   12.949|
sel            |S<28>          |   12.871|
sel            |S<29>          |   13.177|
sel            |S<30>          |   13.072|
sel            |S<31>          |   13.319|
---------------+---------------+---------+


Analysis completed Wed Jan 27 17:23:14 2021 
--------------------------------------------------------------------------------

Trace Settings:
-------------------------
Trace Settings 

Peak Memory Usage: 4864 MB



